Archive member included to satisfy reference by file (symbol)

C:/ST/STM32CubeIDE_2.1.1/STM32CubeIDE/plugins/com.st.stm32cube.ide.mcu.externaltools.gnu-tools-for-stm32.14.3.rel1.win32_1.0.100.202602081740/tools/bin/../lib/gcc/arm-none-eabi/14.3.1/../../../../arm-none-eabi/lib/thumb/v6-m/nofp\libc_nano.a(libc_a-exit.o)
                              C:/ST/STM32CubeIDE_2.1.1/STM32CubeIDE/plugins/com.st.stm32cube.ide.mcu.externaltools.gnu-tools-for-stm32.14.3.rel1.win32_1.0.100.202602081740/tools/bin/../lib/gcc/arm-none-eabi/14.3.1/../../../../arm-none-eabi/lib/thumb/v6-m/nofp/crt0.o (exit)
C:/ST/STM32CubeIDE_2.1.1/STM32CubeIDE/plugins/com.st.stm32cube.ide.mcu.externaltools.gnu-tools-for-stm32.14.3.rel1.win32_1.0.100.202602081740/tools/bin/../lib/gcc/arm-none-eabi/14.3.1/../../../../arm-none-eabi/lib/thumb/v6-m/nofp\libc_nano.a(libc_a-findfp.o)
                              C:/ST/STM32CubeIDE_2.1.1/STM32CubeIDE/plugins/com.st.stm32cube.ide.mcu.externaltools.gnu-tools-for-stm32.14.3.rel1.win32_1.0.100.202602081740/tools/bin/../lib/gcc/arm-none-eabi/14.3.1/../../../../arm-none-eabi/lib/thumb/v6-m/nofp\libc_nano.a(libc_a-exit.o) (__stdio_exit_handler)
C:/ST/STM32CubeIDE_2.1.1/STM32CubeIDE/plugins/com.st.stm32cube.ide.mcu.externaltools.gnu-tools-for-stm32.14.3.rel1.win32_1.0.100.202602081740/tools/bin/../lib/gcc/arm-none-eabi/14.3.1/../../../../arm-none-eabi/lib/thumb/v6-m/nofp\libc_nano.a(libc_a-fwalk.o)
                              C:/ST/STM32CubeIDE_2.1.1/STM32CubeIDE/plugins/com.st.stm32cube.ide.mcu.externaltools.gnu-tools-for-stm32.14.3.rel1.win32_1.0.100.202602081740/tools/bin/../lib/gcc/arm-none-eabi/14.3.1/../../../../arm-none-eabi/lib/thumb/v6-m/nofp\libc_nano.a(libc_a-findfp.o) (_fwalk_sglue)
C:/ST/STM32CubeIDE_2.1.1/STM32CubeIDE/plugins/com.st.stm32cube.ide.mcu.externaltools.gnu-tools-for-stm32.14.3.rel1.win32_1.0.100.202602081740/tools/bin/../lib/gcc/arm-none-eabi/14.3.1/../../../../arm-none-eabi/lib/thumb/v6-m/nofp\libc_nano.a(libc_a-stdio.o)
                              C:/ST/STM32CubeIDE_2.1.1/STM32CubeIDE/plugins/com.st.stm32cube.ide.mcu.externaltools.gnu-tools-for-stm32.14.3.rel1.win32_1.0.100.202602081740/tools/bin/../lib/gcc/arm-none-eabi/14.3.1/../../../../arm-none-eabi/lib/thumb/v6-m/nofp\libc_nano.a(libc_a-findfp.o) (__sread)
C:/ST/STM32CubeIDE_2.1.1/STM32CubeIDE/plugins/com.st.stm32cube.ide.mcu.externaltools.gnu-tools-for-stm32.14.3.rel1.win32_1.0.100.202602081740/tools/bin/../lib/gcc/arm-none-eabi/14.3.1/../../../../arm-none-eabi/lib/thumb/v6-m/nofp\libc_nano.a(libc_a-memset.o)
                              C:/ST/STM32CubeIDE_2.1.1/STM32CubeIDE/plugins/com.st.stm32cube.ide.mcu.externaltools.gnu-tools-for-stm32.14.3.rel1.win32_1.0.100.202602081740/tools/bin/../lib/gcc/arm-none-eabi/14.3.1/../../../../arm-none-eabi/lib/thumb/v6-m/nofp/crt0.o (memset)
C:/ST/STM32CubeIDE_2.1.1/STM32CubeIDE/plugins/com.st.stm32cube.ide.mcu.externaltools.gnu-tools-for-stm32.14.3.rel1.win32_1.0.100.202602081740/tools/bin/../lib/gcc/arm-none-eabi/14.3.1/../../../../arm-none-eabi/lib/thumb/v6-m/nofp\libc_nano.a(libc_a-closer.o)
                              C:/ST/STM32CubeIDE_2.1.1/STM32CubeIDE/plugins/com.st.stm32cube.ide.mcu.externaltools.gnu-tools-for-stm32.14.3.rel1.win32_1.0.100.202602081740/tools/bin/../lib/gcc/arm-none-eabi/14.3.1/../../../../arm-none-eabi/lib/thumb/v6-m/nofp\libc_nano.a(libc_a-stdio.o) (_close_r)
C:/ST/STM32CubeIDE_2.1.1/STM32CubeIDE/plugins/com.st.stm32cube.ide.mcu.externaltools.gnu-tools-for-stm32.14.3.rel1.win32_1.0.100.202602081740/tools/bin/../lib/gcc/arm-none-eabi/14.3.1/../../../../arm-none-eabi/lib/thumb/v6-m/nofp\libc_nano.a(libc_a-reent.o)
                              C:/ST/STM32CubeIDE_2.1.1/STM32CubeIDE/plugins/com.st.stm32cube.ide.mcu.externaltools.gnu-tools-for-stm32.14.3.rel1.win32_1.0.100.202602081740/tools/bin/../lib/gcc/arm-none-eabi/14.3.1/../../../../arm-none-eabi/lib/thumb/v6-m/nofp\libc_nano.a(libc_a-closer.o) (errno)
C:/ST/STM32CubeIDE_2.1.1/STM32CubeIDE/plugins/com.st.stm32cube.ide.mcu.externaltools.gnu-tools-for-stm32.14.3.rel1.win32_1.0.100.202602081740/tools/bin/../lib/gcc/arm-none-eabi/14.3.1/../../../../arm-none-eabi/lib/thumb/v6-m/nofp\libc_nano.a(libc_a-impure.o)
                              C:/ST/STM32CubeIDE_2.1.1/STM32CubeIDE/plugins/com.st.stm32cube.ide.mcu.externaltools.gnu-tools-for-stm32.14.3.rel1.win32_1.0.100.202602081740/tools/bin/../lib/gcc/arm-none-eabi/14.3.1/../../../../arm-none-eabi/lib/thumb/v6-m/nofp\libc_nano.a(libc_a-reent.o) (_impure_ptr)
C:/ST/STM32CubeIDE_2.1.1/STM32CubeIDE/plugins/com.st.stm32cube.ide.mcu.externaltools.gnu-tools-for-stm32.14.3.rel1.win32_1.0.100.202602081740/tools/bin/../lib/gcc/arm-none-eabi/14.3.1/../../../../arm-none-eabi/lib/thumb/v6-m/nofp\libc_nano.a(libc_a-lseekr.o)
[...]
Memory Configuration

Name             Origin             Length             Attributes
RAM              0x20000000         0x00002000         xrw
FLASH            0x08000000         0x00008000         xr
*default*        0x00000000         0xffffffff

Linker script and memory map

LOAD C:/ST/STM32CubeIDE_2.1.1/STM32CubeIDE/plugins/com.st.stm32cube.ide.mcu.externaltools.gnu-tools-for-stm32.14.3.rel1.win32_1.0.100.202602081740/tools/bin/../lib/gcc/arm-none-eabi/14.3.1/thumb/v6-m/nofp/crti.o
LOAD C:/ST/STM32CubeIDE_2.1.1/STM32CubeIDE/plugins/com.st.stm32cube.ide.mcu.externaltools.gnu-tools-for-stm32.14.3.rel1.win32_1.0.100.202602081740/tools/bin/../lib/gcc/arm-none-eabi/14.3.1/thumb/v6-m/nofp/crtbegin.o
LOAD C:/ST/STM32CubeIDE_2.1.1/STM32CubeIDE/plugins/com.st.stm32cube.ide.mcu.externaltools.gnu-tools-for-stm32.14.3.rel1.win32_1.0.100.202602081740/tools/bin/../lib/gcc/arm-none-eabi/14.3.1/../../../../arm-none-eabi/lib/thumb/v6-m/nofp/crt0.o
LOAD ./Core/Src/MPU6050.o
LOAD ./Core/Src/main.o
LOAD ./Core/Src/state_control.o
LOAD ./Core/Src/stm32l0xx_hal_msp.o
LOAD ./Core/Src/stm32l0xx_it.o
LOAD ./Core/Src/syscalls.o
LOAD ./Core/Src/sysmem.o
LOAD ./Core/Src/system_stm32l0xx.o
LOAD ./Core/Startup/startup_stm32l031k6tx.o
LOAD ./Drivers/STM32L0xx_HAL_Driver/Src/stm32l0xx_hal.o
LOAD ./Drivers/STM32L0xx_HAL_Driver/Src/stm32l0xx_hal_cortex.o
LOAD ./Drivers/STM32L0xx_HAL_Driver/Src/stm32l0xx_hal_dma.o
LOAD ./Drivers/STM32L0xx_HAL_Driver/Src/stm32l0xx_hal_exti.o
LOAD ./Drivers/STM32L0xx_HAL_Driver/Src/stm32l0xx_hal_flash.o
LOAD ./Drivers/STM32L0xx_HAL_Driver/Src/stm32l0xx_hal_flash_ex.o
LOAD ./Drivers/STM32L0xx_HAL_Driver/Src/stm32l0xx_hal_flash_ramfunc.o
LOAD ./Drivers/STM32L0xx_HAL_Driver/Src/stm32l0xx_hal_gpio.o
LOAD ./Drivers/STM32L0xx_HAL_Driver/Src/stm32l0xx_hal_i2c.o
LOAD ./Drivers/STM32L0xx_HAL_Driver/Src/stm32l0xx_hal_i2c_ex.o
LOAD ./Drivers/STM32L0xx_HAL_Driver/Src/stm32l0xx_hal_pwr.o
LOAD ./Drivers/STM32L0xx_HAL_Driver/Src/stm32l0xx_hal_pwr_ex.o
LOAD ./Drivers/STM32L0xx_HAL_Driver/Src/stm32l0xx_hal_rcc.o
LOAD ./Drivers/STM32L0xx_HAL_Driver/Src/stm32l0xx_hal_rcc_ex.o
LOAD ./Drivers/STM32L0xx_HAL_Driver/Src/stm32l0xx_hal_spi.o
LOAD ./Drivers/STM32L0xx_HAL_Driver/Src/stm32l0xx_hal_tim.o
LOAD ./Drivers/STM32L0xx_HAL_Driver/Src/stm32l0xx_hal_tim_ex.o
LOAD ./FATFS/App/fatfs.o
LOAD ./FATFS/Target/user_diskio.o
LOAD ./FATFS/Target/user_diskio_spi.o
LOAD ./Middlewares/Third_Party/FatFs/src/diskio.o
LOAD ./Middlewares/Third_Party/FatFs/src/ff.o
LOAD ./Middlewares/Third_Party/FatFs/src/ff_gen_drv.o
LOAD ./Middlewares/Third_Party/FatFs/src/option/syscall.o
START GROUP
LOAD C:/ST/STM32CubeIDE_2.1.1/STM32CubeIDE/plugins/com.st.stm32cube.ide.mcu.externaltools.gnu-tools-for-stm32.14.3.rel1.win32_1.0.100.202602081740/tools/bin/../lib/gcc/arm-none-eabi/14.3.1/../../../../arm-none-eabi/lib/thumb/v6-m/nofp\libc_nano.a
LOAD C:/ST/STM32CubeIDE_2.1.1/STM32CubeIDE/plugins/com.st.stm32cube.ide.mcu.externaltools.gnu-tools-for-stm32.14.3.rel1.win32_1.0.100.202602081740/tools/bin/../lib/gcc/arm-none-eabi/14.3.1/../../../../arm-none-eabi/lib/thumb/v6-m/nofp\libm.a
END GROUP
START GROUP
LOAD C:/ST/STM32CubeIDE_2.1.1/STM32CubeIDE/plugins/com.st.stm32cube.ide.mcu.externaltools.gnu-tools-for-stm32.14.3.rel1.win32_1.0.100.202602081740/tools/bin/../lib/gcc/arm-none-eabi/14.3.1/thumb/v6-m/nofp\libgcc.a
LOAD C:/ST/STM32CubeIDE_2.1.1/STM32CubeIDE/plugins/com.st.stm32cube.ide.mcu.externaltools.gnu-tools-for-stm32.14.3.rel1.win32_1.0.100.202602081740/tools/bin/../lib/gcc/arm-none-eabi/14.3.1/../../../../arm-none-eabi/lib/thumb/v6-m/nofp\libc_nano.a
END GROUP
START GROUP
LOAD C:/ST/STM32CubeIDE_2.1.1/STM32CubeIDE/plugins/com.st.stm32cube.ide.mcu.externaltools.gnu-tools-for-stm32.14.3.rel1.win32_1.0.100.202602081740/tools/bin/../lib/gcc/arm-none-eabi/14.3.1/thumb/v6-m/nofp\libgcc.a
LOAD C:/ST/STM32CubeIDE_2.1.1/STM32CubeIDE/plugins/com.st.stm32cube.ide.mcu.externaltools.gnu-tools-for-stm32.14.3.rel1.win32_1.0.100.202602081740/tools/bin/../lib/gcc/arm-none-eabi/14.3.1/../../../../arm-none-eabi/lib/thumb/v6-m/nofp\libc_nano.a
LOAD C:/ST/STM32CubeIDE_2.1.1/STM32CubeIDE/plugins/com.st.stm32cube.ide.mcu.externaltools.gnu-tools-for-stm32.14.3.rel1.win32_1.0.100.202602081740/tools/bin/../lib/gcc/arm-none-eabi/14.3.1/../../../../arm-none-eabi/lib/thumb/v6-m/nofp\libnosys.a
END GROUP
START GROUP
LOAD C:/ST/STM32CubeIDE_2.1.1/STM32CubeIDE/plugins/com.st.stm32cube.ide.mcu.externaltools.gnu-tools-for-stm32.14.3.rel1.win32_1.0.100.202602081740/tools/bin/../lib/gcc/arm-none-eabi/14.3.1/thumb/v6-m/nofp\libgcc.a
LOAD C:/ST/STM32CubeIDE_2.1.1/STM32CubeIDE/plugins/com.st.stm32cube.ide.mcu.externaltools.gnu-tools-for-stm32.14.3.rel1.win32_1.0.100.202602081740/tools/bin/../lib/gcc/arm-none-eabi/14.3.1/../../../../arm-none-eabi/lib/thumb/v6-m/nofp\libc_nano.a
LOAD C:/ST/STM32CubeIDE_2.1.1/STM32CubeIDE/plugins/com.st.stm32cube.ide.mcu.externaltools.gnu-tools-for-stm32.14.3.rel1.win32_1.0.100.202602081740/tools/bin/../lib/gcc/arm-none-eabi/14.3.1/../../../../arm-none-eabi/lib/thumb/v6-m/nofp\libnosys.a
END GROUP
LOAD C:/ST/STM32CubeIDE_2.1.1/STM32CubeIDE/plugins/com.st.stm32cube.ide.mcu.externaltools.gnu-tools-for-stm32.14.3.rel1.win32_1.0.100.202602081740/tools/bin/../lib/gcc/arm-none-eabi/14.3.1/thumb/v6-m/nofp/crtend.o
LOAD C:/ST/STM32CubeIDE_2.1.1/STM32CubeIDE/plugins/com.st.stm32cube.ide.mcu.externaltools.gnu-tools-for-stm32.14.3.rel1.win32_1.0.100.202602081740/tools/bin/../lib/gcc/arm-none-eabi/14.3.1/thumb/v6-m/nofp/crtn.o
                0x20002000                        _estack = (ORIGIN (RAM) + LENGTH (RAM))
                0x00000200                        _Min_Heap_Size = 0x200
                0x00000400                        _Min_Stack_Size = 0x400

.isr_vector     0x08000000       0xc0
                0x08000000                        . = ALIGN (0x4)
 *(.isr_vector)
 .isr_vector    0x08000000       0xc0 ./Core/Startup/startup_stm32l031k6tx.o
                0x08000000                g_pfnVectors
                0x080000c0                        . = ALIGN (0x4)

.text           0x080000c0     0x7a0c
                0x080000c0                        . = ALIGN (0x4)
 *(.text)
 .text          0x080000c0       0x48 C:/ST/STM32CubeIDE_2.1.1/STM32CubeIDE/plugins/com.st.stm32cube.ide.mcu.externaltools.gnu-tools-for-stm32.14.3.rel1.win32_1.0.100.202602081740/tools/bin/../lib/gcc/arm-none-eabi/14.3.1/thumb/v6-m/nofp/crtbegin.o
 .text          0x08000108      0x114 C:/ST/STM32CubeIDE_2.1.1/STM32CubeIDE/plugins/com.st.stm32cube.ide.mcu.externaltools.gnu-tools-for-stm32.14.3.rel1.win32_1.0.100.202602081740/tools/bin/../lib/gcc/arm-none-eabi/14.3.1/thumb/v6-m/nofp\libgcc.a(_udivsi3.o)
                0x08000108                __aeabi_uidiv
                0x08000108                __udivsi3
                0x08000214                __aeabi_uidivmod
 .text          0x0800021c        0x4 C:/ST/STM32CubeIDE_2.1.1/STM32CubeIDE/plugins/com.st.stm32cube.ide.mcu.externaltools.gnu-tools-for-stm32.14.3.rel1.win32_1.0.100.202602081740/tools/bin/../lib/gcc/arm-none-eabi/14.3.1/thumb/v6-m/nofp\libgcc.a(_dvmd_tls.o)
                0x0800021c                __aeabi_idiv0
                0x0800021c                __aeabi_ldiv0
 *(.text*)
 .text.MPU6050_Init
                0x08000220       0x92 ./Core/Src/MPU6050.o
                0x08000220                MPU6050_Init
 .text.MPU6050_Read_Accel
                0x080002b2       0xde ./Core/Src/MPU6050.o
                0x080002b2                MPU6050_Read_Accel
 .text.MPU6050_Init_High
                0x08000390       0x92 ./Core/Src/MPU6050.o
                0x08000390                MPU6050_Init_High
 .text.MPU6050_Read_Accel_High
                0x08000422       0xde ./Core/Src/MPU6050.o
                0x08000422                MPU6050_Read_Accel_High
 .text.main     0x08000500       0x80 ./Core/Src/main.o
                0x08000500                main
 .text.SystemClock_Config
                0x08000580       0xe4 ./Core/Src/main.o
                0x08000580                SystemClock_Config
 .text.MX_I2C1_Init
                0x08000664       0x80 ./Core/Src/main.o
 .text.MX_SPI1_Init
                0x080006e4       0x70 ./Core/Src/main.o
 .text.MX_TIM22_Init
                0x08000754       0xb0 ./Core/Src/main.o
 .text.MX_GPIO_Init
                0x08000804      0x108 ./Core/Src/main.o
 .text.system_init
                0x0800090c       0x4c ./Core/Src/main.o
                0x0800090c                system_init
 .text.start    0x08000958       0x1a ./Core/Src/main.o
                0x08000958                start
 *fill*         0x08000972        0x2 
 .text.idle     0x08000974       0x1c ./Core/Src/main.o
                0x08000974                idle
 .text.data     0x08000990       0x4c ./Core/Src/main.o
                0x08000990                data
 .text.write_sd
                0x080009dc       0x48 ./Core/Src/main.o
                0x080009dc                write_sd
 .text.stop     0x08000a24       0x60 ./Core/Src/main.o
                0x08000a24                stop
 .text.reset_buffer
                0x08000a84       0x48 ./Core/Src/main.o
                0x08000a84                reset_buffer
 .text.TIM22_Init_IT
                0x08000acc       0x28 ./Core/Src/main.o
                0x08000acc                TIM22_Init_IT
 .text.init_sd  0x08000af4       0x94 ./Core/Src/main.o
                0x08000af4                init_sd
 .text.MPU_init
                0x08000b88       0x46 ./Core/Src/main.o
                0x08000b88                MPU_init
 .text.read_2_MPU
                0x08000bce       0x2c ./Core/Src/main.o
                0x08000bce                read_2_MPU
 .text.packetnization
                0x08000bfa      0x342 ./Core/Src/main.o
                0x08000bfa                packetnization
 .text.read_SW3
                0x08000f3c       0x98 ./Core/Src/main.o
                0x08000f3c                read_SW3
 .text.read_posture_sw
                0x08000fd4       0x7c ./Core/Src/main.o
                0x08000fd4                read_posture_sw
 .text.HAL_TIM_PeriodElapsedCallback
                0x08001050       0x28 ./Core/Src/main.o
                0x08001050                HAL_TIM_PeriodElapsedCallback
 .text.Error_Handler
                0x08001078        0xc ./Core/Src/main.o
                0x08001078                Error_Handler
 .text.init_state
                0x08001084       0x24 ./Core/Src/state_control.o
                0x08001084                init_state
 .text.change_state
                0x080010a8       0x90 ./Core/Src/state_control.o
                0x080010a8                change_state
 .text.HAL_MspInit
                0x08001138       0x28 ./Core/Src/stm32l0xx_hal_msp.o
                0x08001138                HAL_MspInit
 .text.HAL_I2C_MspInit
                0x08001160       0x88 ./Core/Src/stm32l0xx_hal_msp.o
                0x08001160                HAL_I2C_MspInit
 .text.HAL_SPI_MspInit
                0x080011e8       0x88 ./Core/Src/stm32l0xx_hal_msp.o
                0x080011e8                HAL_SPI_MspInit
 .text.HAL_TIM_Base_MspInit
                0x08001270       0x40 ./Core/Src/stm32l0xx_hal_msp.o
                0x08001270                HAL_TIM_Base_MspInit
 .text.NMI_Handler
                0x080012b0        0x8 ./Core/Src/stm32l0xx_it.o
                0x080012b0                NMI_Handler
 .text.HardFault_Handler
                0x080012b8        0x8 ./Core/Src/stm32l0xx_it.o
                0x080012b8                HardFault_Handler
 .text.SVC_Handler
                0x080012c0        0xa ./Core/Src/stm32l0xx_it.o
                0x080012c0                SVC_Handler
 .text.PendSV_Handler
                0x080012ca        0xa ./Core/Src/stm32l0xx_it.o
                0x080012ca                PendSV_Handler
 .text.SysTick_Handler
                0x080012d4        0xe ./Core/Src/stm32l0xx_it.o
                0x080012d4                SysTick_Handler
 *fill*         0x080012e2        0x2 
 .text.TIM22_IRQHandler
                0x080012e4       0x18 ./Core/Src/stm32l0xx_it.o
                0x080012e4                TIM22_IRQHandler
 .text.SystemInit
                0x080012fc        0xa ./Core/Src/system_stm32l0xx.o
                0x080012fc                SystemInit
 *fill*         0x08001306        0x2 
 .text.Reset_Handler
                0x08001308       0x50 ./Core/Startup/startup_stm32l031k6tx.o
                0x08001308                Reset_Handler
 .text.Default_Handler
                0x08001358        0x2 ./Core/Startup/startup_stm32l031k6tx.o
                0x08001358                ADC1_COMP_IRQHandler
                0x08001358                PVD_IRQHandler
                0x08001358                I2C1_IRQHandler
                0x08001358                SPI1_IRQHandler
                0x08001358                EXTI2_3_IRQHandler
                0x08001358                RTC_IRQHandler
                0x08001358                DMA1_Channel4_5_6_7_IRQHandler
                0x08001358                EXTI4_15_IRQHandler
                0x08001358                RCC_IRQHandler
                0x08001358                DMA1_Channel1_IRQHandler
                0x08001358                Default_Handler
                0x08001358                EXTI0_1_IRQHandler
                0x08001358                TIM21_IRQHandler
                0x08001358                WWDG_IRQHandler
                0x08001358                LPUART1_IRQHandler
                0x08001358                TIM2_IRQHandler
                0x08001358                DMA1_Channel2_3_IRQHandler
                0x08001358                USART2_IRQHandler
                0x08001358                FLASH_IRQHandler
                0x08001358                LPTIM1_IRQHandler
 *fill*         0x0800135a        0x2 
 .text.HAL_Init
                0x0800135c       0x40 ./Drivers/STM32L0xx_HAL_Driver/Src/stm32l0xx_hal.o
                0x0800135c                HAL_Init
 .text.HAL_InitTick
                0x0800139c       0x68 ./Drivers/STM32L0xx_HAL_Driver/Src/stm32l0xx_hal.o
                0x0800139c                HAL_InitTick
 .text.HAL_IncTick
                0x08001404       0x24 ./Drivers/STM32L0xx_HAL_Driver/Src/stm32l0xx_hal.o
                0x08001404                HAL_IncTick
 .text.HAL_GetTick
                0x08001428       0x14 ./Drivers/STM32L0xx_HAL_Driver/Src/stm32l0xx_hal.o
                0x08001428                HAL_GetTick
 .text.HAL_Delay
                0x0800143c       0x48 ./Drivers/STM32L0xx_HAL_Driver/Src/stm32l0xx_hal.o
                0x0800143c                HAL_Delay
 .text.__NVIC_EnableIRQ
                0x08001484       0x34 ./Drivers/STM32L0xx_HAL_Driver/Src/stm32l0xx_hal_cortex.o
 .text.__NVIC_SetPriority
                0x080014b8       0xdc ./Drivers/STM32L0xx_HAL_Driver/Src/stm32l0xx_hal_cortex.o
 .text.SysTick_Config
                0x08001594       0x48 ./Drivers/STM32L0xx_HAL_Driver/Src/stm32l0xx_hal_cortex.o
 .text.HAL_NVIC_SetPriority
                0x080015dc       0x2a ./Drivers/STM32L0xx_HAL_Driver/Src/stm32l0xx_hal_cortex.o
                0x080015dc                HAL_NVIC_SetPriority
 .text.HAL_NVIC_EnableIRQ
                0x08001606       0x20 ./Drivers/STM32L0xx_HAL_Driver/Src/stm32l0xx_hal_cortex.o
                0x08001606                HAL_NVIC_EnableIRQ
 .text.HAL_SYSTICK_Config
                0x08001626       0x1a ./Drivers/STM32L0xx_HAL_Driver/Src/stm32l0xx_hal_cortex.o
                0x08001626                HAL_SYSTICK_Config
 .text.HAL_GPIO_Init
                0x08001640      0x2dc ./Drivers/STM32L0xx_HAL_Driver/Src/stm32l0xx_hal_gpio.o
                0x08001640                HAL_GPIO_Init
 .text.HAL_GPIO_ReadPin
                0x0800191c       0x3a ./Drivers/STM32L0xx_HAL_Driver/Src/stm32l0xx_hal_gpio.o
                0x0800191c                HAL_GPIO_ReadPin
 .text.HAL_GPIO_WritePin
                0x08001956       0x3a ./Drivers/STM32L0xx_HAL_Driver/Src/stm32l0xx_hal_gpio.o
                0x08001956                HAL_GPIO_WritePin
 .text.HAL_I2C_Init
                0x08001990      0x14c ./Drivers/STM32L0xx_HAL_Driver/Src/stm32l0xx_hal_i2c.o
                0x08001990                HAL_I2C_Init
 .text.HAL_I2C_Mem_Write
                0x08001adc      0x25c ./Drivers/STM32L0xx_HAL_Driver/Src/stm32l0xx_hal_i2c.o
                0x08001adc                HAL_I2C_Mem_Write
 .text.HAL_I2C_Mem_Read
                0x08001d38      0x268 ./Drivers/STM32L0xx_HAL_Driver/Src/stm32l0xx_hal_i2c.o
                0x08001d38                HAL_I2C_Mem_Read
 .text.I2C_RequestMemoryWrite
                0x08001fa0       0xc8 ./Drivers/STM32L0xx_HAL_Driver/Src/stm32l0xx_hal_i2c.o
 .text.I2C_RequestMemoryRead
                0x08002068       0xc4 ./Drivers/STM32L0xx_HAL_Driver/Src/stm32l0xx_hal_i2c.o
 .text.I2C_Flush_TXDR
                0x0800212c       0x44 ./Drivers/STM32L0xx_HAL_Driver/Src/stm32l0xx_hal_i2c.o
 .text.I2C_WaitOnFlagUntilTimeout
                0x08002170       0xb0 ./Drivers/STM32L0xx_HAL_Driver/Src/stm32l0xx_hal_i2c.o
 .text.I2C_WaitOnTXISFlagUntilTimeout
                0x08002220       0x8c ./Drivers/STM32L0xx_HAL_Driver/Src/stm32l0xx_hal_i2c.o
 .text.I2C_WaitOnSTOPFlagUntilTimeout
                0x080022ac       0x86 ./Drivers/STM32L0xx_HAL_Driver/Src/stm32l0xx_hal_i2c.o
 *fill*         0x08002332        0x2 
 .text.I2C_IsErrorOccurred
                0x08002334      0x1f0 ./Drivers/STM32L0xx_HAL_Driver/Src/stm32l0xx_hal_i2c.o
 .text.I2C_TransferConfig
                0x08002524       0x74 ./Drivers/STM32L0xx_HAL_Driver/Src/stm32l0xx_hal_i2c.o
 .text.HAL_I2CEx_ConfigAnalogFilter
                0x08002598       0x98 ./Drivers/STM32L0xx_HAL_Driver/Src/stm32l0xx_hal_i2c_ex.o
                0x08002598                HAL_I2CEx_ConfigAnalogFilter
 .text.HAL_I2CEx_ConfigDigitalFilter
                0x08002630       0x98 ./Drivers/STM32L0xx_HAL_Driver/Src/stm32l0xx_hal_i2c_ex.o
                0x08002630                HAL_I2CEx_ConfigDigitalFilter
 .text.HAL_RCC_OscConfig
                0x080026c8      0x6f8 ./Drivers/STM32L0xx_HAL_Driver/Src/stm32l0xx_hal_rcc.o
                0x080026c8                HAL_RCC_OscConfig
 .text.HAL_RCC_ClockConfig
                0x08002dc0      0x290 ./Drivers/STM32L0xx_HAL_Driver/Src/stm32l0xx_hal_rcc.o
                0x08002dc0                HAL_RCC_ClockConfig
 .text.HAL_RCC_GetSysClockFreq
                0x08003050      0x10c ./Drivers/STM32L0xx_HAL_Driver/Src/stm32l0xx_hal_rcc.o
                0x08003050                HAL_RCC_GetSysClockFreq
 .text.HAL_RCCEx_PeriphCLKConfig
                0x0800315c      0x258 ./Drivers/STM32L0xx_HAL_Driver/Src/stm32l0xx_hal_rcc_ex.o
                0x0800315c                HAL_RCCEx_PeriphCLKConfig
 .text.HAL_SPI_Init
                0x080033b4      0x112 ./Drivers/STM32L0xx_HAL_Driver/Src/stm32l0xx_hal_spi.o
                0x080033b4                HAL_SPI_Init
 .text.HAL_SPI_Transmit
                0x080034c6      0x2a0 ./Drivers/STM32L0xx_HAL_Driver/Src/stm32l0xx_hal_spi.o
                0x080034c6                HAL_SPI_Transmit
 .text.HAL_SPI_TransmitReceive
                0x08003766      0x37e ./Drivers/STM32L0xx_HAL_Driver/Src/stm32l0xx_hal_spi.o
                0x08003766                HAL_SPI_TransmitReceive
 .text.SPI_WaitFlagStateUntilTimeout
                0x08003ae4      0x11c ./Drivers/STM32L0xx_HAL_Driver/Src/stm32l0xx_hal_spi.o
 .text.SPI_EndRxTxTransaction
                0x08003c00       0xb4 ./Drivers/STM32L0xx_HAL_Driver/Src/stm32l0xx_hal_spi.o
 .text.HAL_TIM_Base_Init
                0x08003cb4       0x80 ./Drivers/STM32L0xx_HAL_Driver/Src/stm32l0xx_hal_tim.o
                0x08003cb4                HAL_TIM_Base_Init
 .text.HAL_TIM_Base_Start_IT
                0x08003d34       0x98 ./Drivers/STM32L0xx_HAL_Driver/Src/stm32l0xx_hal_tim.o
                0x08003d34                HAL_TIM_Base_Start_IT
 .text.HAL_TIM_Base_Stop_IT
                0x08003dcc       0x4c ./Drivers/STM32L0xx_HAL_Driver/Src/stm32l0xx_hal_tim.o
                0x08003dcc                HAL_TIM_Base_Stop_IT
 .text.HAL_TIM_IRQHandler
                0x08003e18      0x198 ./Drivers/STM32L0xx_HAL_Driver/Src/stm32l0xx_hal_tim.o
                0x08003e18                HAL_TIM_IRQHandler
 .text.HAL_TIM_ConfigClockSource
                0x08003fb0      0x1a8 ./Drivers/STM32L0xx_HAL_Driver/Src/stm32l0xx_hal_tim.o
                0x08003fb0                HAL_TIM_ConfigClockSource
 .text.HAL_TIM_OC_DelayElapsedCallback
                0x08004158       0x10 ./Drivers/STM32L0xx_HAL_Driver/Src/stm32l0xx_hal_tim.o
                0x08004158                HAL_TIM_OC_DelayElapsedCallback
 .text.HAL_TIM_IC_CaptureCallback
                0x08004168       0x10 ./Drivers/STM32L0xx_HAL_Driver/Src/stm32l0xx_hal_tim.o
                0x08004168                HAL_TIM_IC_CaptureCallback
 .text.HAL_TIM_PWM_PulseFinishedCallback
                0x08004178       0x10 ./Drivers/STM32L0xx_HAL_Driver/Src/stm32l0xx_hal_tim.o
                0x08004178                HAL_TIM_PWM_PulseFinishedCallback
 .text.HAL_TIM_TriggerCallback
                0x08004188       0x10 ./Drivers/STM32L0xx_HAL_Driver/Src/stm32l0xx_hal_tim.o
                0x08004188                HAL_TIM_TriggerCallback
 .text.TIM_Base_SetConfig
                0x08004198       0xb4 ./Drivers/STM32L0xx_HAL_Driver/Src/stm32l0xx_hal_tim.o
 .text.TIM_TI1_ConfigInputStage
                0x0800424c       0x5c ./Drivers/STM32L0xx_HAL_Driver/Src/stm32l0xx_hal_tim.o
 .text.TIM_TI2_ConfigInputStage
                0x080042a8       0x64 ./Drivers/STM32L0xx_HAL_Driver/Src/stm32l0xx_hal_tim.o
 .text.TIM_ITRx_SetConfig
                0x0800430c       0x32 ./Drivers/STM32L0xx_HAL_Driver/Src/stm32l0xx_hal_tim.o
 *fill*         0x0800433e        0x2 
 .text.TIM_ETR_SetConfig
                0x08004340       0x40 ./Drivers/STM32L0xx_HAL_Driver/Src/stm32l0xx_hal_tim.o
 .text.HAL_TIMEx_MasterConfigSynchronization
                0x08004380       0xb0 ./Drivers/STM32L0xx_HAL_Driver/Src/stm32l0xx_hal_tim_ex.o
                0x08004380                HAL_TIMEx_MasterConfigSynchronization
 .text.MX_FATFS_Init
                0x08004430       0x2c ./FATFS/App/fatfs.o
                0x08004430                MX_FATFS_Init
 .text.get_fattime
                0x0800445c        0xc ./FATFS/App/fatfs.o
                0x0800445c                get_fattime
 .text.USER_initialize
                0x08004468       0x20 ./FATFS/Target/user_diskio.o
                0x08004468                USER_initialize
 .text.USER_status
                0x08004488       0x20 ./FATFS/Target/user_diskio.o
                0x08004488                USER_status
 .text.USER_read
                0x080044a8       0x2e ./FATFS/Target/user_diskio.o
                0x080044a8                USER_read
 .text.USER_write
                0x080044d6       0x2e ./FATFS/Target/user_diskio.o
                0x080044d6                USER_write
 .text.USER_ioctl
                0x08004504       0x2e ./FATFS/Target/user_diskio.o
                0x08004504                USER_ioctl
 *fill*         0x08004532        0x2 
 .text.SPI_Timer_On
                0x08004534       0x28 ./FATFS/Target/user_diskio_spi.o
                0x08004534                SPI_Timer_On
 .text.SPI_Timer_Status
                0x0800455c       0x2c ./FATFS/Target/user_diskio_spi.o
                0x0800455c                SPI_Timer_Status
 .text.xchg_spi
                0x08004588       0x30 ./FATFS/Target/user_diskio_spi.o
 .text.rcvr_spi_multi
                0x080045b8       0x38 ./FATFS/Target/user_diskio_spi.o
 .text.xmit_spi_multi
                0x080045f0       0x28 ./FATFS/Target/user_diskio_spi.o
 .text.wait_ready
                0x08004618       0x50 ./FATFS/Target/user_diskio_spi.o
 .text.despiselect
                0x08004668       0x1e ./FATFS/Target/user_diskio_spi.o
 .text.spiselect
                0x08004686       0x36 ./FATFS/Target/user_diskio_spi.o
 .text.rcvr_datablock
                0x080046bc       0x5e ./FATFS/Target/user_diskio_spi.o
 .text.xmit_datablock
                0x0800471a       0x74 ./FATFS/Target/user_diskio_spi.o
 .text.send_cmd
                0x0800478e      0x11c ./FATFS/Target/user_diskio_spi.o
 *fill*         0x080048aa        0x2 
 .text.USER_SPI_initialize
                0x080048ac      0x230 ./FATFS/Target/user_diskio_spi.o
                0x080048ac                USER_SPI_initialize
 .text.USER_SPI_status
                0x08004adc       0x2c ./FATFS/Target/user_diskio_spi.o
                0x08004adc                USER_SPI_status
 .text.USER_SPI_read
                0x08004b08       0xd8 ./FATFS/Target/user_diskio_spi.o
                0x08004b08                USER_SPI_read
 .text.USER_SPI_write
                0x08004be0      0x100 ./FATFS/Target/user_diskio_spi.o
                0x08004be0                USER_SPI_write
 .text.USER_SPI_ioctl
                0x08004ce0      0x328 ./FATFS/Target/user_diskio_spi.o
                0x08004ce0                USER_SPI_ioctl
 .text.disk_status
                0x08005008       0x44 ./Middlewares/Third_Party/FatFs/src/diskio.o
                0x08005008                disk_status
 .text.disk_initialize
                0x0800504c       0x60 ./Middlewares/Third_Party/FatFs/src/diskio.o
                0x0800504c                disk_initialize
 .text.disk_read
                0x080050ac       0x50 ./Middlewares/Third_Party/FatFs/src/diskio.o
                0x080050ac                disk_read
 .text.disk_write
                0x080050fc       0x50 ./Middlewares/Third_Party/FatFs/src/diskio.o
                0x080050fc                disk_write
 .text.disk_ioctl
                0x0800514c       0x50 ./Middlewares/Third_Party/FatFs/src/diskio.o
                0x0800514c                disk_ioctl
 .text.ld_word  0x0800519c       0x38 ./Middlewares/Third_Party/FatFs/src/ff.o
 .text.ld_dword
                0x080051d4       0x42 ./Middlewares/Third_Party/FatFs/src/ff.o
 .text.st_word  0x08005216       0x3c ./Middlewares/Third_Party/FatFs/src/ff.o
 .text.st_dword
                0x08005252       0x54 ./Middlewares/Third_Party/FatFs/src/ff.o
 .text.mem_cpy  0x080052a6       0x3e ./Middlewares/Third_Party/FatFs/src/ff.o
 .text.mem_set  0x080052e4       0x32 ./Middlewares/Third_Party/FatFs/src/ff.o
 .text.mem_cmp  0x08005316       0x4a ./Middlewares/Third_Party/FatFs/src/ff.o
 .text.chk_chr  0x08005360       0x32 ./Middlewares/Third_Party/FatFs/src/ff.o
 *fill*         0x08005392        0x2 
 .text.chk_lock
                0x08005394       0xb0 ./Middlewares/Third_Party/FatFs/src/ff.o
 .text.enq_lock
                0x08005444       0x3c ./Middlewares/Third_Party/FatFs/src/ff.o
 .text.inc_lock
                0x08005480      0x114 ./Middlewares/Third_Party/FatFs/src/ff.o
 .text.dec_lock
                0x08005594       0x94 ./Middlewares/Third_Party/FatFs/src/ff.o
 .text.clear_lock
                0x08005628       0x40 ./Middlewares/Third_Party/FatFs/src/ff.o
 .text.sync_window
                0x08005668       0x90 ./Middlewares/Third_Party/FatFs/src/ff.o
 .text.move_window
                0x080056f8       0x6a ./Middlewares/Third_Party/FatFs/src/ff.o
 *fill*         0x08005762        0x2 
 .text.sync_fs  0x08005764       0xf8 ./Middlewares/Third_Party/FatFs/src/ff.o
 .text.clust2sect
                0x0800585c       0x38 ./Middlewares/Third_Party/FatFs/src/ff.o
 .text.get_fat  0x08005894      0x154 ./Middlewares/Third_Party/FatFs/src/ff.o
 .text.put_fat  0x080059e8      0x202 ./Middlewares/Third_Party/FatFs/src/ff.o
 .text.remove_chain
                0x08005bea       0xe6 ./Middlewares/Third_Party/FatFs/src/ff.o
 .text.create_chain
                0x08005cd0      0x14c ./Middlewares/Third_Party/FatFs/src/ff.o
 .text.clmt_clust
                0x08005e1c       0x6a ./Middlewares/Third_Party/FatFs/src/ff.o
 .text.dir_sdi  0x08005e86       0xfc ./Middlewares/Third_Party/FatFs/src/ff.o
 .text.dir_next
                0x08005f82      0x192 ./Middlewares/Third_Party/FatFs/src/ff.o
 .text.dir_alloc
                0x08006114       0xb0 ./Middlewares/Third_Party/FatFs/src/ff.o
 .text.ld_clust
                0x080061c4       0x3e ./Middlewares/Third_Party/FatFs/src/ff.o
 .text.st_clust
                0x08006202       0x40 ./Middlewares/Third_Party/FatFs/src/ff.o
 .text.dir_find
                0x08006242       0xd0 ./Middlewares/Third_Party/FatFs/src/ff.o
 .text.dir_register
                0x08006312       0x76 ./Middlewares/Third_Party/FatFs/src/ff.o
 .text.create_name
                0x08006388      0x160 ./Middlewares/Third_Party/FatFs/src/ff.o
 .text.follow_path
                0x080064e8      0x10a ./Middlewares/Third_Party/FatFs/src/ff.o
 .text.get_ldnumber
                0x080065f2       0x84 ./Middlewares/Third_Party/FatFs/src/ff.o
 *fill*         0x08006676        0x2 
 .text.check_fs
                0x08006678       0xb0 ./Middlewares/Third_Party/FatFs/src/ff.o
 .text.find_volume
                0x08006728      0x4e0 ./Middlewares/Third_Party/FatFs/src/ff.o
 .text.validate
                0x08006c08       0x78 ./Middlewares/Third_Party/FatFs/src/ff.o
 .text.f_mount  0x08006c80       0x98 ./Middlewares/Third_Party/FatFs/src/ff.o
                0x08006c80                f_mount
 .text.f_open   0x08006d18      0x3e8 ./Middlewares/Third_Party/FatFs/src/ff.o
                0x08006d18                f_open
 .text.f_write  0x08007100      0x2f4 ./Middlewares/Third_Party/FatFs/src/ff.o
                0x08007100                f_write
 .text.f_sync   0x080073f4      0x112 ./Middlewares/Third_Party/FatFs/src/ff.o
                0x080073f4                f_sync
 .text.f_close  0x08007506       0x68 ./Middlewares/Third_Party/FatFs/src/ff.o
                0x08007506                f_close
 .text.f_lseek  0x0800756e      0x424 ./Middlewares/Third_Party/FatFs/src/ff.o
                0x0800756e                f_lseek
 *fill*         0x08007992        0x2 
 .text.FATFS_LinkDriverEx
                0x08007994       0xa8 ./Middlewares/Third_Party/FatFs/src/ff_gen_drv.o
                0x08007994                FATFS_LinkDriverEx
 .text.FATFS_LinkDriver
                0x08007a3c       0x20 ./Middlewares/Third_Party/FatFs/src/ff_gen_drv.o
                0x08007a3c                FATFS_LinkDriver
 .text.memset   0x08007a5c       0x10 C:/ST/STM32CubeIDE_2.1.1/STM32CubeIDE/plugins/com.st.stm32cube.ide.mcu.externaltools.gnu-tools-for-stm32.14.3.rel1.win32_1.0.100.202602081740/tools/bin/../lib/gcc/arm-none-eabi/14.3.1/../../../../arm-none-eabi/lib/thumb/v6-m/nofp\libc_nano.a(libc_a-memset.o)
                0x08007a5c                memset
 .text.__libc_init_array
                0x08007a6c       0x48 C:/ST/STM32CubeIDE_2.1.1/STM32CubeIDE/plugins/com.st.stm32cube.ide.mcu.externaltools.gnu-tools-for-stm32.14.3.rel1.win32_1.0.100.202602081740/tools/bin/../lib/gcc/arm-none-eabi/14.3.1/../../../../arm-none-eabi/lib/thumb/v6-m/nofp\libc_nano.a(libc_a-init.o)
                0x08007a6c                __libc_init_array
 *(.glue_7)
 .glue_7        0x08007ab4        0x0 linker stubs
 *(.glue_7t)
 .glue_7t       0x08007ab4        0x0 linker stubs
 *(.eh_frame)
 .eh_frame      0x08007ab4        0x0 C:/ST/STM32CubeIDE_2.1.1/STM32CubeIDE/plugins/com.st.stm32cube.ide.mcu.externaltools.gnu-tools-for-stm32.14.3.rel1.win32_1.0.100.202602081740/tools/bin/../lib/gcc/arm-none-eabi/14.3.1/thumb/v6-m/nofp/crtbegin.o
 *(.init)
 .init          0x08007ab4        0x4 C:/ST/STM32CubeIDE_2.1.1/STM32CubeIDE/plugins/com.st.stm32cube.ide.mcu.externaltools.gnu-tools-for-stm32.14.3.rel1.win32_1.0.100.202602081740/tools/bin/../lib/gcc/arm-none-eabi/14.3.1/thumb/v6-m/nofp/crti.o
                0x08007ab4                _init
 .init          0x08007ab8        0x8 C:/ST/STM32CubeIDE_2.1.1/STM32CubeIDE/plugins/com.st.stm32cube.ide.mcu.externaltools.gnu-tools-for-stm32.14.3.rel1.win32_1.0.100.202602081740/tools/bin/../lib/gcc/arm-none-eabi/14.3.1/thumb/v6-m/nofp/crtn.o
 *(.fini)
 .fini          0x08007ac0        0x4 C:/ST/STM32CubeIDE_2.1.1/STM32CubeIDE/plugins/com.st.stm32cube.ide.mcu.externaltools.gnu-tools-for-stm32.14.3.rel1.win32_1.0.100.202602081740/tools/bin/../lib/gcc/arm-none-eabi/14.3.1/thumb/v6-m/nofp/crti.o
                0x08007ac0                _fini
 .fini          0x08007ac4        0x8 C:/ST/STM32CubeIDE_2.1.1/STM32CubeIDE/plugins/com.st.stm32cube.ide.mcu.externaltools.gnu-tools-for-stm32.14.3.rel1.win32_1.0.100.202602081740/tools/bin/../lib/gcc/arm-none-eabi/14.3.1/thumb/v6-m/nofp/crtn.o
                0x08007acc                        . = ALIGN (0x4)
                0x08007acc                        _etext = .

.vfp11_veneer   0x08007acc        0x0
 .vfp11_veneer  0x08007acc        0x0 linker stubs

.v4_bx          0x08007acc        0x0
 .v4_bx         0x08007acc        0x0 linker stubs

.iplt           0x08007acc        0x0
 .iplt          0x08007acc        0x0 C:/ST/STM32CubeIDE_2.1.1/STM32CubeIDE/plugins/com.st.stm32cube.ide.mcu.externaltools.gnu-tools-for-stm32.14.3.rel1.win32_1.0.100.202602081740/tools/bin/../lib/gcc/arm-none-eabi/14.3.1/thumb/v6-m/nofp/crtbegin.o

.rodata         0x08007acc      0x124
                0x08007acc                        . = ALIGN (0x4)
 *(.rodata)
 .rodata        0x08007acc       0x14 ./Core/Src/main.o
 .rodata        0x08007ae0       0x44 ./Middlewares/Third_Party/FatFs/src/ff.o
 *(.rodata*)
 .rodata.main   0x08007b24       0x18 ./Core/Src/main.o
 .rodata.change_state
                0x08007b3c       0x18 ./Core/Src/state_control.o
 .rodata.AHBPrescTable
                0x08007b54       0x10 ./Core/Src/system_stm32l0xx.o
                0x08007b54                AHBPrescTable
 .rodata.PLLMulTable
                0x08007b64        0x9 ./Core/Src/system_stm32l0xx.o
                0x08007b64                PLLMulTable
 *fill*         0x08007b6d        0x3 
 .rodata.ExCvt  0x08007b70       0x80 ./Middlewares/Third_Party/FatFs/src/ff.o
                0x08007bf0                        . = ALIGN (0x4)

.ARM.extab      0x08007bf0        0x0
                0x08007bf0                        . = ALIGN (0x4)
 *(.ARM.extab* .gnu.linkonce.armextab.*)
                0x08007bf0                        . = ALIGN (0x4)

.ARM            0x08007bf0        0x0
                0x08007bf0                        . = ALIGN (0x4)
                0x08007bf0                        __exidx_start = .
 *(.ARM.exidx*)
                0x08007bf0                        __exidx_end = .
                0x08007bf0                        . = ALIGN (0x4)

.preinit_array  0x08007bf0        0x0
                0x08007bf0                        . = ALIGN (0x4)
                0x08007bf0                        PROVIDE (__preinit_array_start = .)
 *(.preinit_array*)
                0x08007bf0                        PROVIDE (__preinit_array_end = .)
                0x08007bf0                        . = ALIGN (0x4)

.init_array     0x08007bf0        0x4
                0x08007bf0                        . = ALIGN (0x4)
                0x08007bf0                        PROVIDE (__init_array_start = .)
 *(SORT_BY_NAME(.init_array.*))
 *(.init_array*)
 .init_array    0x08007bf0        0x4 C:/ST/STM32CubeIDE_2.1.1/STM32CubeIDE/plugins/com.st.stm32cube.ide.mcu.externaltools.gnu-tools-for-stm32.14.3.rel1.win32_1.0.100.202602081740/tools/bin/../lib/gcc/arm-none-eabi/14.3.1/thumb/v6-m/nofp/crtbegin.o
                0x08007bf4                        PROVIDE (__init_array_end = .)
                0x08007bf4                        . = ALIGN (0x4)

.fini_array     0x08007bf4        0x4
                0x08007bf4                        . = ALIGN (0x4)
                [!provide]                        PROVIDE (__fini_array_start = .)
 *(SORT_BY_NAME(.fini_array.*))
 *(.fini_array*)
 .fini_array    0x08007bf4        0x4 C:/ST/STM32CubeIDE_2.1.1/STM32CubeIDE/plugins/com.st.stm32cube.ide.mcu.externaltools.gnu-tools-for-stm32.14.3.rel1.win32_1.0.100.202602081740/tools/bin/../lib/gcc/arm-none-eabi/14.3.1/thumb/v6-m/nofp/crtbegin.o
                [!provide]                        PROVIDE (__fini_array_end = .)
                0x08007bf8                        . = ALIGN (0x4)
                0x08007bf8                        _sidata = LOADADDR (.data)

.rel.dyn        0x08007bf8        0x0
 .rel.iplt      0x08007bf8        0x0 C:/ST/STM32CubeIDE_2.1.1/STM32CubeIDE/plugins/com.st.stm32cube.ide.mcu.externaltools.gnu-tools-for-stm32.14.3.rel1.win32_1.0.100.202602081740/tools/bin/../lib/gcc/arm-none-eabi/14.3.1/thumb/v6-m/nofp/crtbegin.o

.data           0x20000000       0x24 load address 0x08007bf8
                0x20000000                        . = ALIGN (0x4)
                0x20000000                        _sdata = .
 *(.data)
 *(.data*)
 .data.SystemCoreClock
                0x20000000        0x4 ./Core/Src/system_stm32l0xx.o
                0x20000000                SystemCoreClock
 .data.uwTickPrio
                0x20000004        0x4 ./Drivers/STM32L0xx_HAL_Driver/Src/stm32l0xx_hal.o
                0x20000004                uwTickPrio
 .data.uwTickFreq
                0x20000008        0x1 ./Drivers/STM32L0xx_HAL_Driver/Src/stm32l0xx_hal.o
                0x20000008                uwTickFreq
 *fill*         0x20000009        0x3 
 .data.USER_Driver
                0x2000000c       0x14 ./FATFS/Target/user_diskio.o
                0x2000000c                USER_Driver
 .data.Stat     0x20000020        0x1 ./FATFS/Target/user_diskio_spi.o
 *(.RamFunc)
 *(.RamFunc*)
                0x20000024                        . = ALIGN (0x4)
 *fill*         0x20000021        0x3 
                0x20000024                        _edata = .

.igot.plt       0x20000024        0x0 load address 0x08007c1c
 .igot.plt      0x20000024        0x0 C:/ST/STM32CubeIDE_2.1.1/STM32CubeIDE/plugins/com.st.stm32cube.ide.mcu.externaltools.gnu-tools-for-stm32.14.3.rel1.win32_1.0.100.202602081740/tools/bin/../lib/gcc/arm-none-eabi/14.3.1/thumb/v6-m/nofp/crtbegin.o
                0x20000024                        . = ALIGN (0x4)

.bss            0x20000024      0x608 load address 0x08007c1c
                0x20000024                        _sbss = .
                0x20000024                        __bss_start__ = _sbss
 *(.bss)
 .bss           0x20000024       0x1c C:/ST/STM32CubeIDE_2.1.1/STM32CubeIDE/plugins/com.st.stm32cube.ide.mcu.externaltools.gnu-tools-for-stm32.14.3.rel1.win32_1.0.100.202602081740/tools/bin/../lib/gcc/arm-none-eabi/14.3.1/thumb/v6-m/nofp/crtbegin.o
 *(.bss*)
 .bss.hi2c1     0x20000040       0x54 ./Core/Src/main.o
                0x20000040                hi2c1
 .bss.hspi1     0x20000094       0x58 ./Core/Src/main.o
                0x20000094                hspi1
 .bss.htim22    0x200000ec       0x40 ./Core/Src/main.o
                0x200000ec                htim22
 .bss.system_state
                0x2000012c        0x1 ./Core/Src/main.o
                0x2000012c                system_state
 *fill*         0x2000012d        0x3 
 .bss.system_input
                0x20000130        0x2 ./Core/Src/main.o
                0x20000130                system_input
 *fill*         0x20000132        0x2 
 .bss.mpu_low_data
                0x20000134        0xc ./Core/Src/main.o
                0x20000134                mpu_low_data
 .bss.mpu_high_data
                0x20000140        0xc ./Core/Src/main.o
                0x20000140                mpu_high_data
 .bss.stop_done
                0x2000014c        0x1 ./Core/Src/main.o
                0x2000014c                stop_done
 .bss.posture_code
                0x2000014d        0x1 ./Core/Src/main.o
                0x2000014d                posture_code
 *fill*         0x2000014e        0x2 
 .bss.sd_buffer
                0x20000150       0x1d ./Core/Src/main.o
                0x20000150                sd_buffer
 *fill*         0x2000016d        0x3 
 .bss.FatFs     0x20000170      0x230 ./Core/Src/main.o
                0x20000170                FatFs
 .bss.fil       0x200003a0      0x230 ./Core/Src/main.o
                0x200003a0                fil
 .bss.bytes_written
                0x200005d0        0x4 ./Core/Src/main.o
                0x200005d0                bytes_written
 .bss.packet_count
                0x200005d4        0x1 ./Core/Src/main.o
                0x200005d4                packet_count
 *fill*         0x200005d5        0x3 
 .bss.last_tick.3
                0x200005d8        0x4 ./Core/Src/main.o
 .bss.stable_state.2
                0x200005dc        0x1 ./Core/Src/main.o
 .bss.last_raw.1
                0x200005dd        0x1 ./Core/Src/main.o
 .bss.counter.0
                0x200005de        0x1 ./Core/Src/main.o
 *fill*         0x200005df        0x1 
 .bss.uwTick    0x200005e0        0x4 ./Drivers/STM32L0xx_HAL_Driver/Src/stm32l0xx_hal.o
                0x200005e0                uwTick
 .bss.retUSER   0x200005e4        0x1 ./FATFS/App/fatfs.o
                0x200005e4                retUSER
 *fill*         0x200005e5        0x3 
 .bss.USERPath  0x200005e8        0x4 ./FATFS/App/fatfs.o
                0x200005e8                USERPath
 .bss.CardType  0x200005ec        0x1 ./FATFS/Target/user_diskio_spi.o
 *fill*         0x200005ed        0x3 
 .bss.spiTimerTickStart
                0x200005f0        0x4 ./FATFS/Target/user_diskio_spi.o
                0x200005f0                spiTimerTickStart
 .bss.spiTimerTickDelay
                0x200005f4        0x4 ./FATFS/Target/user_diskio_spi.o
                0x200005f4                spiTimerTickDelay
 .bss.FatFs     0x200005f8        0x4 ./Middlewares/Third_Party/FatFs/src/ff.o
 .bss.Fsid      0x200005fc        0x2 ./Middlewares/Third_Party/FatFs/src/ff.o
 *fill*         0x200005fe        0x2 
 .bss.Files     0x20000600       0x20 ./Middlewares/Third_Party/FatFs/src/ff.o
 .bss.disk      0x20000620        0xc ./Middlewares/Third_Party/FatFs/src/ff_gen_drv.o
                0x20000620                disk
 *(COMMON)
                0x2000062c                        . = ALIGN (0x4)
                0x2000062c                        _ebss = .
                0x2000062c                        __bss_end__ = _ebss

._user_heap_stack
                0x2000062c      0x604 load address 0x08007c1c
                0x20000630                        . = ALIGN (0x8)
 *fill*         0x2000062c        0x4 
                [!provide]                        PROVIDE (end = .)
                0x20000630                        PROVIDE (_end = .)
                0x20000830                        . = (. + _Min_Heap_Size)
 *fill*         0x20000630      0x200 
                0x20000c30                        . = (. + _Min_Stack_Size)
 *fill*         0x20000830      0x400 
                0x20000c30                        . = ALIGN (0x8)

/DISCARD/
 libc.a(*)
 libm.a(*)
 libgcc.a(*)

.ARM.attributes
                0x00000000       0x28
 *(.ARM.attributes)
 .ARM.attributes
                0x00000000       0x1e C:/ST/STM32CubeIDE_2.1.1/STM32CubeIDE/plugins/com.st.stm32cube.ide.mcu.externaltools.gnu-tools-for-stm32.14.3.rel1.win32_1.0.100.202602081740/tools/bin/../lib/gcc/arm-none-eabi/14.3.1/thumb/v6-m/nofp/crti.o
 .ARM.attributes
                0x0000001e       0x2c C:/ST/STM32CubeIDE_2.1.1/STM32CubeIDE/plugins/com.st.stm32cube.ide.mcu.externaltools.gnu-tools-for-stm32.14.3.rel1.win32_1.0.100.202602081740/tools/bin/../lib/gcc/arm-none-eabi/14.3.1/thumb/v6-m/nofp/crtbegin.o
 .ARM.attributes
                0x0000004a       0x2c ./Core/Src/MPU6050.o
 .ARM.attributes
                0x00000076       0x2c ./Core/Src/main.o
 .ARM.attributes
                0x000000a2       0x2c ./Core/Src/state_control.o
 .ARM.attributes
                0x000000ce       0x2c ./Core/Src/stm32l0xx_hal_msp.o
 .ARM.attributes
                0x000000fa       0x2c ./Core/Src/stm32l0xx_it.o
 .ARM.attributes
                0x00000126       0x2c ./Core/Src/system_stm32l0xx.o
 .ARM.attributes
                0x00000152       0x22 ./Core/Startup/startup_stm32l031k6tx.o
 .ARM.attributes
                0x00000174       0x2c ./Drivers/STM32L0xx_HAL_Driver/Src/stm32l0xx_hal.o
 .ARM.attributes
                0x000001a0       0x2c ./Drivers/STM32L0xx_HAL_Driver/Src/stm32l0xx_hal_cortex.o
 .ARM.attributes
                0x000001cc       0x2c ./Drivers/STM32L0xx_HAL_Driver/Src/stm32l0xx_hal_gpio.o
 .ARM.attributes
                0x000001f8       0x2c ./Drivers/STM32L0xx_HAL_Driver/Src/stm32l0xx_hal_i2c.o
 .ARM.attributes
                0x00000224       0x2c ./Drivers/STM32L0xx_HAL_Driver/Src/stm32l0xx_hal_i2c_ex.o
 .ARM.attributes
                0x00000250       0x2c ./Drivers/STM32L0xx_HAL_Driver/Src/stm32l0xx_hal_rcc.o
 .ARM.attributes
                0x0000027c       0x2c ./Drivers/STM32L0xx_HAL_Driver/Src/stm32l0xx_hal_rcc_ex.o
 .ARM.attributes
                0x000002a8       0x2c ./Drivers/STM32L0xx_HAL_Driver/Src/stm32l0xx_hal_spi.o
 .ARM.attributes
                0x000002d4       0x2c ./Drivers/STM32L0xx_HAL_Driver/Src/stm32l0xx_hal_tim.o
 .ARM.attributes
                0x00000300       0x2c ./Drivers/STM32L0xx_HAL_Driver/Src/stm32l0xx_hal_tim_ex.o
 .ARM.attributes
                0x0000032c       0x2c ./FATFS/App/fatfs.o
 .ARM.attributes
                0x00000358       0x2c ./FATFS/Target/user_diskio.o
 .ARM.attributes
                0x00000384       0x2c ./FATFS/Target/user_diskio_spi.o
 .ARM.attributes
                0x000003b0       0x2c ./Middlewares/Third_Party/FatFs/src/diskio.o
 .ARM.attributes
                0x000003dc       0x2c ./Middlewares/Third_Party/FatFs/src/ff.o
 .ARM.attributes
                0x00000408       0x2c ./Middlewares/Third_Party/FatFs/src/ff_gen_drv.o
 .ARM.attributes
                0x00000434       0x2c C:/ST/STM32CubeIDE_2.1.1/STM32CubeIDE/plugins/com.st.stm32cube.ide.mcu.externaltools.gnu-tools-for-stm32.14.3.rel1.win32_1.0.100.202602081740/tools/bin/../lib/gcc/arm-none-eabi/14.3.1/../../../../arm-none-eabi/lib/thumb/v6-m/nofp\libc_nano.a(libc_a-memset.o)
 .ARM.attributes
                0x00000460       0x2c C:/ST/STM32CubeIDE_2.1.1/STM32CubeIDE/plugins/com.st.stm32cube.ide.mcu.externaltools.gnu-tools-for-stm32.14.3.rel1.win32_1.0.100.202602081740/tools/bin/../lib/gcc/arm-none-eabi/14.3.1/../../../../arm-none-eabi/lib/thumb/v6-m/nofp\libc_nano.a(libc_a-init.o)
 .ARM.attributes
                0x0000048c       0x1e C:/ST/STM32CubeIDE_2.1.1/STM32CubeIDE/plugins/com.st.stm32cube.ide.mcu.externaltools.gnu-tools-for-stm32.14.3.rel1.win32_1.0.100.202602081740/tools/bin/../lib/gcc/arm-none-eabi/14.3.1/thumb/v6-m/nofp\libgcc.a(_udivsi3.o)
 .ARM.attributes
                0x000004aa       0x1e C:/ST/STM32CubeIDE_2.1.1/STM32CubeIDE/plugins/com.st.stm32cube.ide.mcu.externaltools.gnu-tools-for-stm32.14.3.rel1.win32_1.0.100.202602081740/tools/bin/../lib/gcc/arm-none-eabi/14.3.1/thumb/v6-m/nofp\libgcc.a(_dvmd_tls.o)
 .ARM.attributes
                0x000004c8       0x1e C:/ST/STM32CubeIDE_2.1.1/STM32CubeIDE/plugins/com.st.stm32cube.ide.mcu.externaltools.gnu-tools-for-stm32.14.3.rel1.win32_1.0.100.202602081740/tools/bin/../lib/gcc/arm-none-eabi/14.3.1/thumb/v6-m/nofp/crtn.o
OUTPUT(Posture_collection.elf elf32-littlearm)
LOAD linker stubs
LOAD C:/ST/STM32CubeIDE_2.1.1/STM32CubeIDE/plugins/com.st.stm32cube.ide.mcu.externaltools.gnu-tools-for-stm32.14.3.rel1.win32_1.0.100.202602081740/tools/bin/../lib/gcc/arm-none-eabi/14.3.1/../../../../arm-none-eabi/lib/thumb/v6-m/nofp\libc.a
LOAD C:/ST/STM32CubeIDE_2.1.1/STM32CubeIDE/plugins/com.st.stm32cube.ide.mcu.externaltools.gnu-tools-for-stm32.14.3.rel1.win32_1.0.100.202602081740/tools/bin/../lib/gcc/arm-none-eabi/14.3.1/../../../../arm-none-eabi/lib/thumb/v6-m/nofp\libm.a
LOAD C:/ST/STM32CubeIDE_2.1.1/STM32CubeIDE/plugins/com.st.stm32cube.ide.mcu.externaltools.gnu-tools-for-stm32.14.3.rel1.win32_1.0.100.202602081740/tools/bin/../lib/gcc/arm-none-eabi/14.3.1/thumb/v6-m/nofp\libgcc.a

.debug_info     0x00000000    0x10d39
 .debug_info    0x00000000      0x840 ./Core/Src/MPU6050.o
 .debug_info    0x00000840     0x1d61 ./Core/Src/main.o
 .debug_info    0x000025a1      0x16b ./Core/Src/state_control.o
 .debug_info    0x0000270c      0xffd ./Core/Src/stm32l0xx_hal_msp.o
 .debug_info    0x00003709      0x647 ./Core/Src/stm32l0xx_it.o
 .debug_info    0x00003d50      0x2d0 ./Core/Src/system_stm32l0xx.o
 .debug_info    0x00004020       0x30 ./Core/Startup/startup_stm32l031k6tx.o
 .debug_info    0x00004050      0x818 ./Drivers/STM32L0xx_HAL_Driver/Src/stm32l0xx_hal.o
 .debug_info    0x00004868      0x678 ./Drivers/STM32L0xx_HAL_Driver/Src/stm32l0xx_hal_cortex.o
 .debug_info    0x00004ee0      0x624 ./Drivers/STM32L0xx_HAL_Driver/Src/stm32l0xx_hal_gpio.o
 .debug_info    0x00005504     0x20da ./Drivers/STM32L0xx_HAL_Driver/Src/stm32l0xx_hal_i2c.o
 .debug_info    0x000075de      0x878 ./Drivers/STM32L0xx_HAL_Driver/Src/stm32l0xx_hal_i2c_ex.o
 .debug_info    0x00007e56      0x96b ./Drivers/STM32L0xx_HAL_Driver/Src/stm32l0xx_hal_rcc.o
 .debug_info    0x000087c1      0x46d ./Drivers/STM32L0xx_HAL_Driver/Src/stm32l0xx_hal_rcc_ex.o
 .debug_info    0x00008c2e     0x14dc ./Drivers/STM32L0xx_HAL_Driver/Src/stm32l0xx_hal_spi.o
 .debug_info    0x0000a10a     0x27d1 ./Drivers/STM32L0xx_HAL_Driver/Src/stm32l0xx_hal_tim.o
 .debug_info    0x0000c8db      0x6af ./Drivers/STM32L0xx_HAL_Driver/Src/stm32l0xx_hal_tim_ex.o
 .debug_info    0x0000cf8a      0x4d9 ./FATFS/App/fatfs.o
 .debug_info    0x0000d463      0x3aa ./FATFS/Target/user_diskio.o
 .debug_info    0x0000d80d      0xbe9 ./FATFS/Target/user_diskio_spi.o
 .debug_info    0x0000e3f6      0x3df ./Middlewares/Third_Party/FatFs/src/diskio.o
 .debug_info    0x0000e7d5     0x21e5 ./Middlewares/Third_Party/FatFs/src/ff.o
 .debug_info    0x000109ba      0x37f ./Middlewares/Third_Party/FatFs/src/ff_gen_drv.o

.debug_abbrev   0x00000000     0x2c55
 .debug_abbrev  0x00000000      0x1bf ./Core/Src/MPU6050.o
 .debug_abbrev  0x000001bf      0x3a6 ./Core/Src/main.o
 .debug_abbrev  0x00000565       0xdb ./Core/Src/state_control.o
 .debug_abbrev  0x00000640      0x1d9 ./Core/Src/stm32l0xx_hal_msp.o
 .debug_abbrev  0x00000819      0x1a2 ./Core/Src/stm32l0xx_it.o
 .debug_abbrev  0x000009bb      0x11c ./Core/Src/system_stm32l0xx.o
 .debug_abbrev  0x00000ad7       0x24 ./Core/Startup/startup_stm32l031k6tx.o
 .debug_abbrev  0x00000afb      0x2a4 ./Drivers/STM32L0xx_HAL_Driver/Src/stm32l0xx_hal.o
 .debug_abbrev  0x00000d9f      0x26f ./Drivers/STM32L0xx_HAL_Driver/Src/stm32l0xx_hal_cortex.o
 .debug_abbrev  0x0000100e      0x1ca ./Drivers/STM32L0xx_HAL_Driver/Src/stm32l0xx_hal_gpio.o
 .debug_abbrev  0x000011d8      0x270 ./Drivers/STM32L0xx_HAL_Driver/Src/stm32l0xx_hal_i2c.o
 .debug_abbrev  0x00001448      0x1b9 ./Drivers/STM32L0xx_HAL_Driver/Src/stm32l0xx_hal_i2c_ex.o
 .debug_abbrev  0x00001601      0x295 ./Drivers/STM32L0xx_HAL_Driver/Src/stm32l0xx_hal_rcc.o
 .debug_abbrev  0x00001896      0x1d2 ./Drivers/STM32L0xx_HAL_Driver/Src/stm32l0xx_hal_rcc_ex.o
 .debug_abbrev  0x00001a68      0x274 ./Drivers/STM32L0xx_HAL_Driver/Src/stm32l0xx_hal_spi.o
 .debug_abbrev  0x00001cdc      0x272 ./Drivers/STM32L0xx_HAL_Driver/Src/stm32l0xx_hal_tim.o
 .debug_abbrev  0x00001f4e      0x1ab ./Drivers/STM32L0xx_HAL_Driver/Src/stm32l0xx_hal_tim_ex.o
 .debug_abbrev  0x000020f9      0x160 ./FATFS/App/fatfs.o
 .debug_abbrev  0x00002259      0x143 ./FATFS/Target/user_diskio.o
 .debug_abbrev  0x0000239c      0x317 ./FATFS/Target/user_diskio_spi.o
 .debug_abbrev  0x000026b3      0x181 ./Middlewares/Third_Party/FatFs/src/diskio.o
 .debug_abbrev  0x00002834      0x282 ./Middlewares/Third_Party/FatFs/src/ff.o
 .debug_abbrev  0x00002ab6      0x19f ./Middlewares/Third_Party/FatFs/src/ff_gen_drv.o

.debug_aranges  0x00000000     0x1160
 .debug_aranges
                0x00000000       0x48 ./Core/Src/MPU6050.o
 .debug_aranges
                0x00000048       0xc8 ./Core/Src/main.o
 .debug_aranges
                0x00000110       0x28 ./Core/Src/state_control.o
 .debug_aranges
                0x00000138       0x50 ./Core/Src/stm32l0xx_hal_msp.o
 .debug_aranges
                0x00000188       0x48 ./Core/Src/stm32l0xx_it.o
 .debug_aranges
                0x000001d0       0x28 ./Core/Src/system_stm32l0xx.o
 .debug_aranges
                0x000001f8       0x28 ./Core/Startup/startup_stm32l031k6tx.o
 .debug_aranges
                0x00000220      0x110 ./Drivers/STM32L0xx_HAL_Driver/Src/stm32l0xx_hal.o
 .debug_aranges
                0x00000330       0xc0 ./Drivers/STM32L0xx_HAL_Driver/Src/stm32l0xx_hal_cortex.o
 .debug_aranges
                0x000003f0       0x58 ./Drivers/STM32L0xx_HAL_Driver/Src/stm32l0xx_hal_gpio.o
 .debug_aranges
                0x00000448      0x2a0 ./Drivers/STM32L0xx_HAL_Driver/Src/stm32l0xx_hal_i2c.o
 .debug_aranges
                0x000006e8       0x48 ./Drivers/STM32L0xx_HAL_Driver/Src/stm32l0xx_hal_i2c_ex.o
 .debug_aranges
                0x00000730       0x80 ./Drivers/STM32L0xx_HAL_Driver/Src/stm32l0xx_hal_rcc.o
 .debug_aranges
                0x000007b0       0x58 ./Drivers/STM32L0xx_HAL_Driver/Src/stm32l0xx_hal_rcc_ex.o
 .debug_aranges
                0x00000808      0x1d0 ./Drivers/STM32L0xx_HAL_Driver/Src/stm32l0xx_hal_spi.o
 .debug_aranges
                0x000009d8      0x3d0 ./Drivers/STM32L0xx_HAL_Driver/Src/stm32l0xx_hal_tim.o
 .debug_aranges
                0x00000da8       0x28 ./Drivers/STM32L0xx_HAL_Driver/Src/stm32l0xx_hal_tim_ex.o
 .debug_aranges
                0x00000dd0       0x28 ./FATFS/App/fatfs.o
 .debug_aranges
                0x00000df8       0x40 ./FATFS/Target/user_diskio.o
 .debug_aranges
                0x00000e38       0x98 ./FATFS/Target/user_diskio_spi.o
 .debug_aranges
                0x00000ed0       0x48 ./Middlewares/Third_Party/FatFs/src/diskio.o
 .debug_aranges
                0x00000f18      0x208 ./Middlewares/Third_Party/FatFs/src/ff.o
 .debug_aranges
                0x00001120       0x40 ./Middlewares/Third_Party/FatFs/src/ff_gen_drv.o

.debug_rnglists
                0x00000000      0xd6b
 .debug_rnglists
                0x00000000       0x35 ./Core/Src/MPU6050.o
 .debug_rnglists
                0x00000035       0x99 ./Core/Src/main.o
 .debug_rnglists
                0x000000ce       0x1a ./Core/Src/state_control.o
 .debug_rnglists
                0x000000e8       0x39 ./Core/Src/stm32l0xx_hal_msp.o
 .debug_rnglists
                0x00000121       0x31 ./Core/Src/stm32l0xx_it.o
 .debug_rnglists
                0x00000152       0x1a ./Core/Src/system_stm32l0xx.o
 .debug_rnglists
                0x0000016c       0x19 ./Core/Startup/startup_stm32l031k6tx.o
 .debug_rnglists
                0x00000185       0xc7 ./Drivers/STM32L0xx_HAL_Driver/Src/stm32l0xx_hal.o
 .debug_rnglists
                0x0000024c       0x8c ./Drivers/STM32L0xx_HAL_Driver/Src/stm32l0xx_hal_cortex.o
 .debug_rnglists
                0x000002d8       0x3f ./Drivers/STM32L0xx_HAL_Driver/Src/stm32l0xx_hal_gpio.o
 .debug_rnglists
                0x00000317      0x229 ./Drivers/STM32L0xx_HAL_Driver/Src/stm32l0xx_hal_i2c.o
 .debug_rnglists
                0x00000540       0x35 ./Drivers/STM32L0xx_HAL_Driver/Src/stm32l0xx_hal_i2c_ex.o
 .debug_rnglists
                0x00000575       0x61 ./Drivers/STM32L0xx_HAL_Driver/Src/stm32l0xx_hal_rcc.o
 .debug_rnglists
                0x000005d6       0x40 ./Drivers/STM32L0xx_HAL_Driver/Src/stm32l0xx_hal_rcc_ex.o
 .debug_rnglists
                0x00000616      0x171 ./Drivers/STM32L0xx_HAL_Driver/Src/stm32l0xx_hal_spi.o
 .debug_rnglists
                0x00000787      0x310 ./Drivers/STM32L0xx_HAL_Driver/Src/stm32l0xx_hal_tim.o
 .debug_rnglists
                0x00000a97       0x1a ./Drivers/STM32L0xx_HAL_Driver/Src/stm32l0xx_hal_tim_ex.o
 .debug_rnglists
                0x00000ab1       0x19 ./FATFS/App/fatfs.o
 .debug_rnglists
                0x00000aca       0x2b ./FATFS/Target/user_diskio.o
 .debug_rnglists
                0x00000af5       0x72 ./FATFS/Target/user_diskio_spi.o
 .debug_rnglists
                0x00000b67       0x31 ./Middlewares/Third_Party/FatFs/src/diskio.o
 .debug_rnglists
                0x00000b98      0x1a6 ./Middlewares/Third_Party/FatFs/src/ff.o
 .debug_rnglists
                0x00000d3e       0x2d ./Middlewares/Third_Party/FatFs/src/ff_gen_drv.o

.debug_macro    0x00000000    0x13960
 .debug_macro   0x00000000      0x1c9 ./Core/Src/MPU6050.o
 .debug_macro   0x000001c9      0xaae ./Core/Src/MPU6050.o
 .debug_macro   0x00000c77      0x125 ./Core/Src/MPU6050.o
 .debug_macro   0x00000d9c       0x2e ./Core/Src/MPU6050.o
 .debug_macro   0x00000dca       0x28 ./Core/Src/MPU6050.o
 .debug_macro   0x00000df2       0x22 ./Core/Src/MPU6050.o
 .debug_macro   0x00000e14       0x8e ./Core/Src/MPU6050.o
 .debug_macro   0x00000ea2       0x51 ./Core/Src/MPU6050.o
 .debug_macro   0x00000ef3      0x103 ./Core/Src/MPU6050.o
 .debug_macro   0x00000ff6       0x6a ./Core/Src/MPU6050.o
 .debug_macro   0x00001060      0x1df ./Core/Src/MPU6050.o
 .debug_macro   0x0000123f       0x1c ./Core/Src/MPU6050.o
 .debug_macro   0x0000125b       0x22 ./Core/Src/MPU6050.o
 .debug_macro   0x0000127d       0xaf ./Core/Src/MPU6050.o
 .debug_macro   0x0000132c      0x3ad ./Core/Src/MPU6050.o
 .debug_macro   0x000016d9     0x8137 ./Core/Src/MPU6050.o
 .debug_macro   0x00009810       0x66 ./Core/Src/MPU6050.o
 .debug_macro   0x00009876     0x35ac ./Core/Src/MPU6050.o
 .debug_macro   0x0000ce22      0x190 ./Core/Src/MPU6050.o
 .debug_macro   0x0000cfb2       0x5c ./Core/Src/MPU6050.o
 .debug_macro   0x0000d00e      0x8b4 ./Core/Src/MPU6050.o
 .debug_macro   0x0000d8c2      0x474 ./Core/Src/MPU6050.o
 .debug_macro   0x0000dd36      0x189 ./Core/Src/MPU6050.o
 .debug_macro   0x0000debf      0x13f ./Core/Src/MPU6050.o
 .debug_macro   0x0000dffe      0x10d ./Core/Src/MPU6050.o
 .debug_macro   0x0000e10b       0x82 ./Core/Src/MPU6050.o
 .debug_macro   0x0000e18d      0x28e ./Core/Src/MPU6050.o
 .debug_macro   0x0000e41b       0x28 ./Core/Src/MPU6050.o
 .debug_macro   0x0000e443      0x128 ./Core/Src/MPU6050.o
 .debug_macro   0x0000e56b      0x23b ./Core/Src/MPU6050.o
 .debug_macro   0x0000e7a6      0x22c ./Core/Src/MPU6050.o
 .debug_macro   0x0000e9d2       0x5b ./Core/Src/MPU6050.o
 .debug_macro   0x0000ea2d       0xa5 ./Core/Src/MPU6050.o
 .debug_macro   0x0000ead2      0x186 ./Core/Src/MPU6050.o
 .debug_macro   0x0000ec58       0x16 ./Core/Src/MPU6050.o
 .debug_macro   0x0000ec6e      0x22c ./Core/Src/MPU6050.o
 .debug_macro   0x0000ee9a      0x788 ./Core/Src/MPU6050.o
 .debug_macro   0x0000f622       0xc6 ./Core/Src/MPU6050.o
 .debug_macro   0x0000f6e8      0x12a ./Core/Src/MPU6050.o
 .debug_macro   0x0000f812       0x70 ./Core/Src/MPU6050.o
 .debug_macro   0x0000f882      0x305 ./Core/Src/main.o
 .debug_macro   0x0000fb87       0x52 ./Core/Src/main.o
 .debug_macro   0x0000fbd9       0xeb ./Core/Src/main.o
 .debug_macro   0x0000fcc4       0x24 ./Core/Src/main.o
 .debug_macro   0x0000fce8       0x61 ./Core/Src/main.o
 .debug_macro   0x0000fd49       0x43 ./Core/Src/main.o
 .debug_macro   0x0000fd8c       0x34 ./Core/Src/main.o
 .debug_macro   0x0000fdc0       0x16 ./Core/Src/main.o
 .debug_macro   0x0000fdd6       0x3c ./Core/Src/main.o
 .debug_macro   0x0000fe12      0x364 ./Core/Src/main.o
 .debug_macro   0x00010176       0x16 ./Core/Src/main.o
 .debug_macro   0x0001018c       0x4a ./Core/Src/main.o
 .debug_macro   0x000101d6       0x34 ./Core/Src/main.o
 .debug_macro   0x0001020a       0x10 ./Core/Src/main.o
 .debug_macro   0x0001021a       0x58 ./Core/Src/main.o
 .debug_macro   0x00010272       0x8e ./Core/Src/main.o
 .debug_macro   0x00010300       0x1c ./Core/Src/main.o
 .debug_macro   0x0001031c      0x17e ./Core/Src/main.o
 .debug_macro   0x0001049a       0x16 ./Core/Src/main.o
 .debug_macro   0x000104b0       0x29 ./Core/Src/main.o
 .debug_macro   0x000104d9       0x12 ./Core/Src/main.o
 .debug_macro   0x000104eb       0xe2 ./Core/Src/main.o
 .debug_macro   0x000105cd       0x8e ./Core/Src/main.o
 .debug_macro   0x0001065b       0x76 ./Core/Src/main.o
 .debug_macro   0x000106d1      0x1d3 ./Core/Src/state_control.o
 .debug_macro   0x000108a4      0x1c9 ./Core/Src/stm32l0xx_hal_msp.o
 .debug_macro   0x00010a6d      0x1d3 ./Core/Src/stm32l0xx_it.o
 .debug_macro   0x00010c40      0x1ba ./Core/Src/system_stm32l0xx.o
 .debug_macro   0x00010dfa      0x1de ./Drivers/STM32L0xx_HAL_Driver/Src/stm32l0xx_hal.o
 .debug_macro   0x00010fd8      0x1ba ./Drivers/STM32L0xx_HAL_Driver/Src/stm32l0xx_hal_cortex.o
 .debug_macro   0x00011192      0x1c1 ./Drivers/STM32L0xx_HAL_Driver/Src/stm32l0xx_hal_gpio.o
 .debug_macro   0x00011353      0x286 ./Drivers/STM32L0xx_HAL_Driver/Src/stm32l0xx_hal_i2c.o
 .debug_macro   0x000115d9      0x1ba ./Drivers/STM32L0xx_HAL_Driver/Src/stm32l0xx_hal_i2c_ex.o
 .debug_macro   0x00011793      0x1f0 ./Drivers/STM32L0xx_HAL_Driver/Src/stm32l0xx_hal_rcc.o
 .debug_macro   0x00011983      0x1ba ./Drivers/STM32L0xx_HAL_Driver/Src/stm32l0xx_hal_rcc_ex.o
 .debug_macro   0x00011b3d      0x1c9 ./Drivers/STM32L0xx_HAL_Driver/Src/stm32l0xx_hal_spi.o
 .debug_macro   0x00011d06      0x1bb ./Drivers/STM32L0xx_HAL_Driver/Src/stm32l0xx_hal_tim.o
 .debug_macro   0x00011ec1      0x1ba ./Drivers/STM32L0xx_HAL_Driver/Src/stm32l0xx_hal_tim_ex.o
 .debug_macro   0x0001207b      0x2ee ./FATFS/App/fatfs.o
 .debug_macro   0x00012369       0xe5 ./FATFS/App/fatfs.o
 .debug_macro   0x0001244e      0x31d ./FATFS/Target/user_diskio.o
 .debug_macro   0x0001276b       0x10 ./FATFS/Target/user_diskio.o
 .debug_macro   0x0001277b       0x20 ./FATFS/Target/user_diskio.o
 .debug_macro   0x0001279b       0x16 ./FATFS/Target/user_diskio.o
 .debug_macro   0x000127b1       0x7c ./FATFS/Target/user_diskio.o
 .debug_macro   0x0001282d       0x56 ./FATFS/Target/user_diskio.o
 .debug_macro   0x00012883      0x395 ./FATFS/Target/user_diskio_spi.o
 .debug_macro   0x00012c18       0x58 ./FATFS/Target/user_diskio_spi.o
 .debug_macro   0x00012c70      0x2db ./Middlewares/Third_Party/FatFs/src/diskio.o
 .debug_macro   0x00012f4b      0x6e2 ./Middlewares/Third_Party/FatFs/src/ff.o
 .debug_macro   0x0001362d       0x58 ./Middlewares/Third_Party/FatFs/src/ff.o
 .debug_macro   0x00013685      0x2db ./Middlewares/Third_Party/FatFs/src/ff_gen_drv.o

.debug_line     0x00000000    0x17567
 .debug_line    0x00000000      0x8bc ./Core/Src/MPU6050.o
 .debug_line    0x000008bc      0xf16 ./Core/Src/main.o
 .debug_line    0x000017d2      0x7c9 ./Core/Src/state_control.o
 .debug_line    0x00001f9b      0x82b ./Core/Src/stm32l0xx_hal_msp.o
 .debug_line    0x000027c6      0x7ca ./Core/Src/stm32l0xx_it.o
 .debug_line    0x00002f90      0x806 ./Core/Src/system_stm32l0xx.o
 .debug_line    0x00003796       0x7b ./Core/Startup/startup_stm32l031k6tx.o
 .debug_line    0x00003811      0xac8 ./Drivers/STM32L0xx_HAL_Driver/Src/stm32l0xx_hal.o
 .debug_line    0x000042d9      0xa80 ./Drivers/STM32L0xx_HAL_Driver/Src/stm32l0xx_hal_cortex.o
 .debug_line    0x00004d59      0xb11 ./Drivers/STM32L0xx_HAL_Driver/Src/stm32l0xx_hal_gpio.o
 .debug_line    0x0000586a     0x377a ./Drivers/STM32L0xx_HAL_Driver/Src/stm32l0xx_hal_i2c.o
 .debug_line    0x00008fe4      0x8bb ./Drivers/STM32L0xx_HAL_Driver/Src/stm32l0xx_hal_i2c_ex.o
 .debug_line    0x0000989f      0xfc5 ./Drivers/STM32L0xx_HAL_Driver/Src/stm32l0xx_hal_rcc.o
 .debug_line    0x0000a864      0xabb ./Drivers/STM32L0xx_HAL_Driver/Src/stm32l0xx_hal_rcc_ex.o
 .debug_line    0x0000b31f     0x1cee ./Drivers/STM32L0xx_HAL_Driver/Src/stm32l0xx_hal_spi.o
 .debug_line    0x0000d00d     0x2ff1 ./Drivers/STM32L0xx_HAL_Driver/Src/stm32l0xx_hal_tim.o
 .debug_line    0x0000fffe      0x7e9 ./Drivers/STM32L0xx_HAL_Driver/Src/stm32l0xx_hal_tim_ex.o
 .debug_line    0x000107e7      0x949 ./FATFS/App/fatfs.o
 .debug_line    0x00011130      0x9b0 ./FATFS/Target/user_diskio.o
 .debug_line    0x00011ae0     0x1085 ./FATFS/Target/user_diskio_spi.o
 .debug_line    0x00012b65      0x9d4 ./Middlewares/Third_Party/FatFs/src/diskio.o
 .debug_line    0x00013539     0x365c ./Middlewares/Third_Party/FatFs/src/ff.o
 .debug_line    0x00016b95      0x9d2 ./Middlewares/Third_Party/FatFs/src/ff_gen_drv.o

.debug_str      0x00000000    0x6e89a
 .debug_str     0x00000000    0x6e89a ./Core/Src/MPU6050.o
                              0x65e64 (size before relaxing)
 .debug_str     0x0006e89a    0x6a756 ./Core/Src/main.o
 .debug_str     0x0006e89a    0x658cc ./Core/Src/state_control.o
 .debug_str     0x0006e89a    0x664b3 ./Core/Src/stm32l0xx_hal_msp.o
 .debug_str     0x0006e89a    0x65d57 ./Core/Src/stm32l0xx_it.o
 .debug_str     0x0006e89a    0x65822 ./Core/Src/system_stm32l0xx.o
 .debug_str     0x0006e89a       0x9d ./Core/Startup/startup_stm32l031k6tx.o
 .debug_str     0x0006e89a    0x65ec9 ./Drivers/STM32L0xx_HAL_Driver/Src/stm32l0xx_hal.o
 .debug_str     0x0006e89a    0x65b1e ./Drivers/STM32L0xx_HAL_Driver/Src/stm32l0xx_hal_cortex.o
 .debug_str     0x0006e89a    0x659c2 ./Drivers/STM32L0xx_HAL_Driver/Src/stm32l0xx_hal_gpio.o
 .debug_str     0x0006e89a    0x66b2d ./Drivers/STM32L0xx_HAL_Driver/Src/stm32l0xx_hal_i2c.o
 .debug_str     0x0006e89a    0x65d86 ./Drivers/STM32L0xx_HAL_Driver/Src/stm32l0xx_hal_i2c_ex.o
 .debug_str     0x0006e89a    0x65d0f ./Drivers/STM32L0xx_HAL_Driver/Src/stm32l0xx_hal_rcc.o
 .debug_str     0x0006e89a    0x65a26 ./Drivers/STM32L0xx_HAL_Driver/Src/stm32l0xx_hal_rcc_ex.o
 .debug_str     0x0006e89a    0x6610b ./Drivers/STM32L0xx_HAL_Driver/Src/stm32l0xx_hal_spi.o
 .debug_str     0x0006e89a    0x66afa ./Drivers/STM32L0xx_HAL_Driver/Src/stm32l0xx_hal_tim.o
 .debug_str     0x0006e89a    0x65c9f ./Drivers/STM32L0xx_HAL_Driver/Src/stm32l0xx_hal_tim_ex.o
 .debug_str     0x0006e89a    0x691da ./FATFS/App/fatfs.o
 .debug_str     0x0006e89a    0x691bc ./FATFS/Target/user_diskio.o
 .debug_str     0x0006e89a    0x69926 ./FATFS/Target/user_diskio_spi.o
 .debug_str     0x0006e89a    0x690e9 ./Middlewares/Third_Party/FatFs/src/diskio.o
 .debug_str     0x0006e89a    0x6a34c ./Middlewares/Third_Party/FatFs/src/ff.o
 .debug_str     0x0006e89a    0x6913a ./Middlewares/Third_Party/FatFs/src/ff_gen_drv.o

.comment        0x00000000       0x43
 .comment       0x00000000       0x43 ./Core/Src/MPU6050.o
                                 0x44 (size before relaxing)
 .comment       0x00000043       0x44 ./Core/Src/main.o
 .comment       0x00000043       0x44 ./Core/Src/state_control.o
 .comment       0x00000043       0x44 ./Core/Src/stm32l0xx_hal_msp.o
 .comment       0x00000043       0x44 ./Core/Src/stm32l0xx_it.o
 .comment       0x00000043       0x44 ./Core/Src/system_stm32l0xx.o
 .comment       0x00000043       0x44 ./Drivers/STM32L0xx_HAL_Driver/Src/stm32l0xx_hal.o
 .comment       0x00000043       0x44 ./Drivers/STM32L0xx_HAL_Driver/Src/stm32l0xx_hal_cortex.o
 .comment       0x00000043       0x44 ./Drivers/STM32L0xx_HAL_Driver/Src/stm32l0xx_hal_gpio.o
 .comment       0x00000043       0x44 ./Drivers/STM32L0xx_HAL_Driver/Src/stm32l0xx_hal_i2c.o
 .comment       0x00000043       0x44 ./Drivers/STM32L0xx_HAL_Driver/Src/stm32l0xx_hal_i2c_ex.o
 .comment       0x00000043       0x44 ./Drivers/STM32L0xx_HAL_Driver/Src/stm32l0xx_hal_rcc.o
 .comment       0x00000043       0x44 ./Drivers/STM32L0xx_HAL_Driver/Src/stm32l0xx_hal_rcc_ex.o
 .comment       0x00000043       0x44 ./Drivers/STM32L0xx_HAL_Driver/Src/stm32l0xx_hal_spi.o
 .comment       0x00000043       0x44 ./Drivers/STM32L0xx_HAL_Driver/Src/stm32l0xx_hal_tim.o
 .comment       0x00000043       0x44 ./Drivers/STM32L0xx_HAL_Driver/Src/stm32l0xx_hal_tim_ex.o
 .comment       0x00000043       0x44 ./FATFS/App/fatfs.o
 .comment       0x00000043       0x44 ./FATFS/Target/user_diskio.o
 .comment       0x00000043       0x44 ./FATFS/Target/user_diskio_spi.o
 .comment       0x00000043       0x44 ./Middlewares/Third_Party/FatFs/src/diskio.o
 .comment       0x00000043       0x44 ./Middlewares/Third_Party/FatFs/src/ff.o
 .comment       0x00000043       0x44 ./Middlewares/Third_Party/FatFs/src/ff_gen_drv.o

.debug_frame    0x00000000     0x3e64
 .debug_frame   0x00000000       0xd0 ./Core/Src/MPU6050.o
 .debug_frame   0x000000d0      0x2a8 ./Core/Src/main.o
 .debug_frame   0x00000378       0x50 ./Core/Src/state_control.o
 .debug_frame   0x000003c8       0xec ./Core/Src/stm32l0xx_hal_msp.o
 .debug_frame   0x000004b4       0xb8 ./Core/Src/stm32l0xx_it.o
 .debug_frame   0x0000056c       0x4c ./Core/Src/system_stm32l0xx.o
 .debug_frame   0x000005b8      0x394 ./Drivers/STM32L0xx_HAL_Driver/Src/stm32l0xx_hal.o
 .debug_frame   0x0000094c      0x2a0 ./Drivers/STM32L0xx_HAL_Driver/Src/stm32l0xx_hal_cortex.o
 .debug_frame   0x00000bec      0x110 ./Drivers/STM32L0xx_HAL_Driver/Src/stm32l0xx_hal_gpio.o
 .debug_frame   0x00000cfc      0xa68 ./Drivers/STM32L0xx_HAL_Driver/Src/stm32l0xx_hal_i2c.o
 .debug_frame   0x00001764       0xd0 ./Drivers/STM32L0xx_HAL_Driver/Src/stm32l0xx_hal_i2c_ex.o
 .debug_frame   0x00001834      0x1a4 ./Drivers/STM32L0xx_HAL_Driver/Src/stm32l0xx_hal_rcc.o
 .debug_frame   0x000019d8       0xfc ./Drivers/STM32L0xx_HAL_Driver/Src/stm32l0xx_hal_rcc_ex.o
 .debug_frame   0x00001ad4      0x6f0 ./Drivers/STM32L0xx_HAL_Driver/Src/stm32l0xx_hal_spi.o
 .debug_frame   0x000021c4      0xef8 ./Drivers/STM32L0xx_HAL_Driver/Src/stm32l0xx_hal_tim.o
 .debug_frame   0x000030bc       0x50 ./Drivers/STM32L0xx_HAL_Driver/Src/stm32l0xx_hal_tim_ex.o
 .debug_frame   0x0000310c       0x48 ./FATFS/App/fatfs.o
 .debug_frame   0x00003154       0xb8 ./FATFS/Target/user_diskio.o
 .debug_frame   0x0000320c      0x218 ./FATFS/Target/user_diskio_spi.o
 .debug_frame   0x00003424       0xdc ./Middlewares/Third_Party/FatFs/src/diskio.o
 .debug_frame   0x00003500      0x84c ./Middlewares/Third_Party/FatFs/src/ff.o
 .debug_frame   0x00003d4c       0xac ./Middlewares/Third_Party/FatFs/src/ff_gen_drv.o
 .debug_frame   0x00003df8       0x20 C:/ST/STM32CubeIDE_2.1.1/STM32CubeIDE/plugins/com.st.stm32cube.ide.mcu.externaltools.gnu-tools-for-stm32.14.3.rel1.win32_1.0.100.202602081740/tools/bin/../lib/gcc/arm-none-eabi/14.3.1/../../../../arm-none-eabi/lib/thumb/v6-m/nofp\libc_nano.a(libc_a-memset.o)
 .debug_frame   0x00003e18       0x2c C:/ST/STM32CubeIDE_2.1.1/STM32CubeIDE/plugins/com.st.stm32cube.ide.mcu.externaltools.gnu-tools-for-stm32.14.3.rel1.win32_1.0.100.202602081740/tools/bin/../lib/gcc/arm-none-eabi/14.3.1/../../../../arm-none-eabi/lib/thumb/v6-m/nofp\libc_nano.a(libc_a-init.o)
 .debug_frame   0x00003e44       0x20 C:/ST/STM32CubeIDE_2.1.1/STM32CubeIDE/plugins/com.st.stm32cube.ide.mcu.externaltools.gnu-tools-for-stm32.14.3.rel1.win32_1.0.100.202602081740/tools/bin/../lib/gcc/arm-none-eabi/14.3.1/thumb/v6-m/nofp\libgcc.a(_udivsi3.o)

.debug_line_str
                0x00000000       0x81
 .debug_line_str
                0x00000000       0x81 ./Core/Startup/startup_stm32l031k6tx.o
